[backblue.gif]
[fade.gif]
[index.html]
[images.squarespace-cdn.com/content/626c43dcb8fc365653a662d5/22786509-c7de-4a96-9cb9-0f742ea41821/Spanish_Full+Color_Transparent2acd.png]
[use.typekit.net/ik/-2f8Zd21i_ZhQyP5NwTxaPkvOu_XOUSM62kujrrO1aqfelX2fFHN4UJLFRbh52jhWDjkFcwXwhsRjRycjDwhFQjuwhIhFR4qFs7WMkG0jAFu-WsoShFGZAsude80ZkoRdhXCHKoyjamTiY8Djhy8ZYmC-Ao1Oco8if37OcBDOcu8OfG0ShBtda]
[assets.squarespace.com/@sqs/polyfiller/1.6/legacy.js]
[assets.squarespace.com/@sqs/polyfiller/1.6/modern.js]
[assets.squarespace.com/universal/scripts-compressed/extract-css-runtime-aeffec8ab92bbc046611-min.en-US.js]
[assets.squarespace.com/universal/scripts-compressed/performance-fa84e5928d85cf629ccc-min.en-US.js]
[assets.squarespace.com/universal/scripts-compressed/cldr-resource-pack-15305921bb94c505cd92-min.en-US.js]
[static1.squarespace.com/static/versioned-site-css/626c43dcb8fc365653a662d5/55/5c5a519771c10ba3470d8101/626c43ddb8fc365653a662fc/1538/site.css]
[assets.squarespace.com/universal/scripts-compressed/common-vendors-stable-0f51b06fac4ba1f7c845-min.en-US.js]
[js.hs-scripts.com/23746042.js]
[connect.facebook.net/en_US/fbevents.js]
[static1.squarespace.com/static/vta/5c5a519771c10ba3470d8101/versioned-assets/1718130742063-ZB0N0KP2JGXANVM5KICL/static.css]
[assets.squarespace.com/universal/scripts-compressed/extract-css-moment-js-vendor-6f117db4eb7fd4392375-min.en-US.js]
[images.squarespace-cdn.com/content/v1/626c43dcb8fc365653a662d5/074b6069-f19d-4faf-8130-5f771fcbea8b/Spanish_Full+Color_Transparent26f7.png]
[abogadaangel.com/cart.html]
[images.squarespace-cdn.com/content/v1/626c43dcb8fc365653a662d5/22786509-c7de-4a96-9cb9-0f742ea41821/Spanish_Full+Color_Transparent26f7.png]
[assets.squarespace.com/universal/scripts-compressed/common-vendors-2b1043d839f845cc7c4f-min.en-US.js]
[abogadaangel.com/inmigracion.html]
[abogadaangel.com/acerca-de.html]
[abogadaangel.com/el-equipo-de-resultados.html]
[abogadaangel.com/preguntas-frecuentes-inmigracion.html]
[abogadaangel.com/ubicaciones.html]
[abogadaangel.com/contacto.html]
[images.squarespace-cdn.com/content/v1/626c43dcb8fc365653a662d5/fbf0e426-b731-4220-abdd-81306b71fa4f/MicrosoftTeams-image+(101).jpg]
[images.squarespace-cdn.com/content/v1/626c43dcb8fc365653a662d5/b657ca84-1173-44be-9300-0a7bd944d125/unimos+familias.png]
[images.squarespace-cdn.com/content/v1/626c43dcb8fc365653a662d5/8fdc6972-2376-496a-8ee9-48355b1d2e93/Logos_Memberships.png]
[images.squarespace-cdn.com/content/v1/626c43dcb8fc365653a662d5/0e61d7c9-d9f6-4bcf-8fc1-376a435fd015/Featured+On_Logos.png]
[assets.squarespace.com/universal/scripts-compressed/common-245ac113868cdf152be9-min.en-US.js]
[images.squarespace-cdn.com/content/v1/626c43dcb8fc365653a662d5/3fda4cc6-bfef-4839-8ecf-ab76b1b6cd77/1214b.jpg]
[images.squarespace-cdn.com/content/v1/626c43dcb8fc365653a662d5/bc161d35-920d-4b75-88ad-9032b70ef3b9/080.jpg]
[images.squarespace-cdn.com/content/v1/626c43dcb8fc365653a662d5/359c6e0c-c2e1-4a38-8a59-4dc42c1c1c10/MicrosoftTeams-image+(103).jpg]
[images.squarespace-cdn.com/content/v1/626c43dcb8fc365653a662d5/bc4f7f28-5ce7-4617-bc62-55f6184fddd7/Website+Schedule+Consultation+Banner+(Spanish).png]
[js.hsforms.net/forms/embed/v2.js]
[images.squarespace-cdn.com/content/v1/626c43dcb8fc365653a662d5/1651262474314-VM1ZVBPGXXE1ZGWAG69W/MicrosoftTeams-image+(11).png]
[images.squarespace-cdn.com/content/v1/626c43dcb8fc365653a662d5/46204e47-6725-4b20-807d-ffd07ce4b13f/My+project-1.png]
[images.squarespace-cdn.com/content/v1/626c43dcb8fc365653a662d5/1651262474318-585O45OBS8A717YBJVF5/MicrosoftTeams-image+%2812%29.jpg]
[images.squarespace-cdn.com/content/v1/626c43dcb8fc365653a662d5/1663090685079-9Q5D8ABG7V76KQYW16FL/rea.png]
[images.squarespace-cdn.com/content/v1/626c43dcb8fc365653a662d5/684b2b73-a91e-497e-ac4e-25d0ee97e79b/Screenshot+2023-08-15+134805.png]
[images.squarespace-cdn.com/content/v1/626c43dcb8fc365653a662d5/a09ae72f-8620-4137-8aa2-c0a16d05994f/MicrosoftTeams-image+(51).png]
[images.squarespace-cdn.com/content/v1/626c43dcb8fc365653a662d5/fb70f17a-3a7c-49c7-9c80-e6aa2070d2be/Instagram+Testimonial+Post+Banner+(3).jpg]
[images.squarespace-cdn.com/content/v1/626c43dcb8fc365653a662d5/36777fdb-f488-4ca4-88a0-0e6232d7bea9/Spanish_Full+Color_Transparent.jpg]
[abogadaangel.com/inicio.html]
[abogadaangel.com/politica-de-privacidad.html]
[abogadaangel.com/politica-de-cookies.html]
[abogadaangel.com/index.html]
[assets.squarespace.com/universal/images-v6/damask/error-dark.png]
[assets.squarespace.com/universal/images-v6/damask/error-dark@2x.png]
[assets.squarespace.com/universal/images-v6/damask/play-button.png]
[assets.squarespace.com/universal/images-v6/damask/play-button@2x.png]
[assets.squarespace.com/universal/images-v6/damask/edit-aviary-light.png]
[assets.squarespace.com/universal/images-v6/damask/edit-aviary-light@2x.png]
[assets.squarespace.com/universal/images-v6/damask/edit-info-light.png]
[assets.squarespace.com/universal/images-v6/damask/edit-info-light@2x.png]
[assets.squarespace.com/universal/images-v6/damask/trash-9-light.png]
[assets.squarespace.com/universal/images-v6/damask/trash-9-light@2x.png]
[assets.squarespace.com/universal/images-v6/damask/trash-9-red.png]
[static1.squarespace.com/static/vta/5c5a519771c10ba3470d8101/scripts/site-bundle.951f531f248730580867fa534b60d99a.js]
[assets.squarespace.com/universal/images-v6/damask/trash-9-red@2x.png]
[assets.squarespace.com/universal/images-v6/damask/getty-16-light.png]
[assets.squarespace.com/universal/images-v6/damask/getty-32-light.png]
[assets.squarespace.com/universal/images-v6/damask/shopping-cart-16-light.png]
[assets.squarespace.com/universal/images-v6/damask/shopping-cart-32-light.png]
[assets.squarespace.com/universal/images-v6/icons/block-indicator-dark.png]
[assets.squarespace.com/universal/images-v6/icons/block-indicator-dark@2x.png]
[assets.squarespace.com/universal/images-v6/icons/opentable-icons.png]
[assets.squarespace.com/universal/images-v6/icons/icon-searchqueries-20-dark.png]
[assets.squarespace.com/universal/images-v6/icons/icon-searchqueries-20-light.png]
[assets.squarespace.com/universal/images-v6/icons/icon-video-24-light-solid.png]
[assets.squarespace.com/universal/images-v6/standard/icon_close_7_light.png]
[assets.squarespace.com/universal/images-v6/icons/icon-settings-16-light.png]
[static1.squarespace.com/static/versioned-site-css/626c43dcb8fc365653a662d5/55/5c5a519771c10ba3470d8101/626c43ddb8fc365653a662fc/1538/site.css]
[www.googletagmanager.com/gtm5445.html]
[abogadaangel.com/a.47.delayed]
[abogadaangel.com/POST.48.delayed]
[abogadaangel.com/b.49.delayed]
[abogadaangel.com/schema.org/index.html]
[abogadaangel.com/signals/iwl.4a.delayed]
[connect.facebook.net/en_US/fbevents.js]
[static1.squarespace.com/static/vta/5c5a519771c10ba3470d8101/versioned-assets/1718130742063-ZB0N0KP2JGXANVM5KICL/static.css]
[assets.squarespace.com/universal/scripts-compressed/extract-css-runtime-2d1a757978d9fbdab9b2-min.en-US.js]
[abogadaangel.com/cart.html]
[images.squarespace-cdn.com/content/v1/626c43dcb8fc365653a662d5/dce264fe-c885-4936-9db0-adc9704bb388/BGXFGH.png]
[images.squarespace-cdn.com/content/v1/626c43dcb8fc365653a662d5/2ad89228-a5bb-4909-9eb6-181fd48c8c91/Pen+Black+ink+(1).png]
[abogadaangel.com/vawa.html]
[abogadaangel.com/visa-t.html]
[abogadaangel.com/visa-u.html]
[abogadaangel.com/parole-in-place.html]
[abogadaangel.com/ajuste-cubano.html]
[images.squarespace-cdn.com/content/v1/626c43dcb8fc365653a662d5/96f446b4-ce62-4998-aac2-691f1ef5e2ee/Lisinski+Law-366+(1).jpg]
[images.squarespace-cdn.com/content/v1/626c43dcb8fc365653a662d5/335f00e1-8d87-4c64-83f4-4f89eef3bd23/Lisinski+Law-389.jpg]
[images.squarespace-cdn.com/content/v1/626c43dcb8fc365653a662d5/6b4d6fcc-67a0-41e7-bf7f-8f01177a0e8a/Lisinski+Law-038.jpg]
[images.squarespace-cdn.com/content/v1/626c43dcb8fc365653a662d5/9509de1f-749c-4707-97a1-7d0e79a40a9b/egaiergjaeg.jpg]
[images.squarespace-cdn.com/content/v1/626c43dcb8fc365653a662d5/667cdeee-4acb-4fa6-a09a-5327b0c62fa9/Instagram+Testimonial+Post+Banner+(3).jpg]
[abogadaangel.com/inmigracion.html]
[images.squarespace-cdn.com/content/v1/626c43dcb8fc365653a662d5/1651262446159-6AXXYB8TR9NH0BKCYJR7/shutterstock_1536897110.jpg]
[images.squarespace-cdn.com/content/v1/626c43dcb8fc365653a662d5/1651262446164-RZB5RVQUK6CSBH6ASNP7/66.jpg]
[images.squarespace-cdn.com/content/v1/626c43dcb8fc365653a662d5/1651262446167-8NCVFNI6IPZNOSXN8WE1/unsplash-image-7rehTDIfR8o.jpg]
[images.squarespace-cdn.com/content/v1/626c43dcb8fc365653a662d5/1651262446171-ZP6U6WX4X8KG0SROIMHV/unsplash-image-HJckKnwCXxQ.jpg]
[assets.squarespace.com/universal/scripts-compressed/commerce-checkout-3a9652c1df50e178cb1a-min.en-US.js]
[images.squarespace-cdn.com/content/v1/626c43dcb8fc365653a662d5/5c588c52-f7de-4080-b4bb-b196b785438b/unsplash-image-hiqLAaOJqW8.jpg]
[abogadaangel.com/acerca-de.html]
[images.squarespace-cdn.com/content/v1/626c43dcb8fc365653a662d5/1651262452525-ILX10T2BZ9F3I9HEE90E/unsplash-image-XN4T2PVUUgk.jpg]
[images.squarespace-cdn.com/content/v1/626c43dcb8fc365653a662d5/1651262452529-3XLVSUPKMCO01GYMRMOT/30.jpg]
[images.squarespace-cdn.com/content/v1/626c43dcb8fc365653a662d5/1651262452537-UFFSJD0P1HXZK5GB6NZD/unsplash-image-9yCYGgPe5Kg.jpg]
[images.squarespace-cdn.com/content/v1/626c43dcb8fc365653a662d5/fde291d6-d0e4-4f42-8e1d-c7e890698e79/04.jpg]
[abogadaangel.com/la-historia-de-angel.html]
[images.squarespace-cdn.com/content/v1/626c43dcb8fc365653a662d5/1651262452534-SS6974VHAHHHVR4MQ2FZ/IMG_8258+edit.jpg]
[images.squarespace-cdn.com/content/v1/626c43dcb8fc365653a662d5/884de1ea-ea19-4ad3-850b-5bf05e705442/17.jpg]
[images.squarespace-cdn.com/content/v1/626c43dcb8fc365653a662d5/675b10fa-d10f-48f7-8911-6277b6ac7f2c/gabby-lawyer.jpg]
[images.squarespace-cdn.com/content/v1/626c43dcb8fc365653a662d5/673acc6b-ae52-406a-b888-909b670727b2/joy-attorney.png]
[images.squarespace-cdn.com/content/v1/626c43dcb8fc365653a662d5/1651262452566-EINASIV6A4Z4UDRTNV18/unsplash-image-kRNZiGKtz48.jpg]
[abogadaangel.com/el-equipo-de-resultados.html]
[images.squarespace-cdn.com/content/v1/626c43dcb8fc365653a662d5/b46dd719-deeb-4cd6-aada-4ded9a91991c/Untitled+design.png]
[abogadaangel.com/_https_/www.youtube.com/embed/3GCfpsdPW9c.6e250f.delayed]
[abogadaangel.com/_https_/www.youtube.com/embed/GB3aM2A6B3g.70250f.delayed]
[abogadaangel.com/_https_/www.youtube.com/embed/rqn20rNEbR0.72250f.delayed]
[abogadaangel.com/_https_/www.youtube.com/embed/c01OOaLOnlk.74250f.delayed]
[abogadaangel.com/preguntas-frecuentes-inmigracion.html]
[images.squarespace-cdn.com/content/v1/626c43dcb8fc365653a662d5/541ff1da-b431-4111-8d23-83bce9bd5979/Ohio+Office.png]
[abogadaangel.com/ohio.html]
[images.squarespace-cdn.com/content/v1/626c43dcb8fc365653a662d5/4f8a8f9f-b745-4714-badf-fd6fd0436402/6037-Financial-Dr-Norcross-GA-IMG-1403-1-LargeHighDefinition.png]
[abogadaangel.com/atlanta.html]
[images.squarespace-cdn.com/content/v1/626c43dcb8fc365653a662d5/0db7cf94-2665-4737-b4b9-f760173a3b21/DJI_0880-(1).jpg]
[abogadaangel.com/austin.html]
[images.squarespace-cdn.com/content/v1/626c43dcb8fc365653a662d5/cf0c9f98-a22b-4100-a028-ce742b814827/chicago+(1).png]
[abogadaangel.com/chicago.html]
[images.squarespace-cdn.com/content/v1/626c43dcb8fc365653a662d5/0d71cc24-3bc3-414a-8f6f-fae7d317a4b4/Dallas+(1).png]
[abogadaangel.com/dallas.html]
[images.squarespace-cdn.com/content/v1/626c43dcb8fc365653a662d5/7e605eac-0605-48a2-b692-068c2824b9cf/Denver+Office+Building.jpg]
[abogadaangel.com/denver.html]
[images.squarespace-cdn.com/content/v1/626c43dcb8fc365653a662d5/a032a66e-bb0b-4526-a3ba-0de9b0d8bac6/Sin+título-6.png]
[abogadaangel.com/houston.html]
[images.squarespace-cdn.com/content/v1/626c43dcb8fc365653a662d5/54efdb15-ed45-4506-a780-0dec01fc32d1/Miami.jpg]
[abogadaangel.com/miami.html]
[images.squarespace-cdn.com/content/v1/626c43dcb8fc365653a662d5/e0189dea-259a-4903-b8da-c7c8aeb89195/pasadena+(1).png]
[images.squarespace-cdn.com/content/v1/626c43dcb8fc365653a662d5/55ae8920-65fc-4eff-9fa7-36208306ffee/Riverside-Website.jpg]
[abogadaangel.com/pasadena.html]
[abogadaangel.com/riverside.html]
[images.squarespace-cdn.com/content/v1/626c43dcb8fc365653a662d5/d602c19f-3817-40c6-9dd0-ce6250a0c25c/Tampa+(1).png]
[abogadaangel.com/tampa.html]
[images.squarespace-cdn.com/content/v1/626c43dcb8fc365653a662d5/caa64a72-82c9-4d8f-ba98-71f8d14a9475/MicrosoftTeams-image+(4).png]
[abogadaangel.com/ubicaciones.html]
[abogadaangel.com/ontario.html]
[images.squarespace-cdn.com/content/v1/626c43dcb8fc365653a662d5/1651262455998-8FLOBO36ZNVTQHX5AGUI/shutterstock_1117095815.jpg]
[abogadaangel.com/contacto.html]
[abogadaangel.com/inicio.html]
[images.squarespace-cdn.com/content/v1/626c43dcb8fc365653a662d5/32bb3107-7c1c-4583-ad4e-23495bf2271f/spanish+privacy+policy+chart.png]
[images.squarespace-cdn.com/content/v1/626c43dcb8fc365653a662d5/09d4facc-4a4c-4455-ba43-b23823606eff/spanich+privacy+policy+chart+2.png]
[abogadaangel.com/politica-de-privacidad.html]
[abogadaangel.com/politica-de-cookies.html]
[abogadaangel.com/a.html]
[abogadaangel.com/POST.html]
[abogadaangel.com/schema.org/index.html]
[abogadaangel.com/b.html]
[abogadaangel.com/signals/iwl.html]
[images.squarespace-cdn.com/content/v1/626c43dcb8fc365653a662d5/5e5d403e-8598-4b21-994f-31bdd8c66fe9/84f28e61-7662-4894-baa4-253e6ff95768.jpg]
[images.squarespace-cdn.com/content/v1/626c43dcb8fc365653a662d5/17ec7a52-4fa2-45a0-8a6f-f23e9cd3bf70/c560053e-637e-4166-b78c-69bd2475f4a9.jpg]
[images.squarespace-cdn.com/content/v1/626c43dcb8fc365653a662d5/7b311742-4b61-48c7-a7ab-f698e57c5575/Diseño+sin+título+(18).png]
[abogadaangel.com/vawa.html]
[abogadaangel.com/visa-t.html]
[abogadaangel.com/visa-u.html]
[abogadaangel.com/parole-in-place.html]
[abogadaangel.com/ajuste-cubano.html]
[images.squarespace-cdn.com/content/v1/626c43dcb8fc365653a662d5/1664377075016-O0P5HI07E3E6K8MCHSWF/unsplash-image-BCyfpZE3aVE.jpg]
[abogadaangel.com/la-historia-de-angel.html]
[abogadaangel.com/_https_/www.youtube.com/embed/3GCfpsdPW9c6b6f.html]
[abogadaangel.com/_https_/www.youtube.com/embed/3GCfpsdPW9c250f.html]
[abogadaangel.com/_https_/www.youtube.com/embed/GB3aM2A6B3g6b6f.html]
[abogadaangel.com/_https_/www.youtube.com/embed/GB3aM2A6B3g250f.html]
[abogadaangel.com/_https_/www.youtube.com/embed/rqn20rNEbR06b6f.html]
[abogadaangel.com/_https_/www.youtube.com/embed/rqn20rNEbR0250f.html]
[abogadaangel.com/_https_/www.youtube.com/embed/c01OOaLOnlk6b6f.html]
[abogadaangel.com/_https_/www.youtube.com/embed/c01OOaLOnlk250f.html]
[images.squarespace-cdn.com/content/v1/626c43dcb8fc365653a662d5/028bf84f-a726-4fe5-92e9-55e8a4cc32fe/Ohio+Office.png]
[images.squarespace-cdn.com/content/v1/626c43dcb8fc365653a662d5/d9510e42-3d67-4ef8-9e28-692482447ea0/Llame+a+la+Abogada+Angel+(1).png]
[images.squarespace-cdn.com/content/v1/626c43dcb8fc365653a662d5/47bb6b4b-97ff-4e59-9209-b2786c8947b5/Llame+a+la+Abogada+Angel.png]
[images.squarespace-cdn.com/content/v1/626c43dcb8fc365653a662d5/8a279c09-dd94-4977-aa91-04913aa995d8/Diseño+sin+título+(22).png]
[images.squarespace-cdn.com/content/v1/626c43dcb8fc365653a662d5/3fbead8a-3074-43b0-bb6e-49935cd00c08/Diseño+sin+título+(21).png]
[abogadaangel.com/ohio.html]
[images.squarespace-cdn.com/content/v1/626c43dcb8fc365653a662d5/1ed4830c-b58c-4113-89ac-287dd8480b1b/6037-Financial-Dr-Norcross-GA-IMG-1403-1-LargeHighDefinition.png]
[images.squarespace-cdn.com/content/v1/626c43dcb8fc365653a662d5/b364069e-f877-4bcf-8a83-c0125c4907f5/Llame+a+la+Abogada+Angel+(1).png]
[images.squarespace-cdn.com/content/v1/626c43dcb8fc365653a662d5/f21ef9cb-ead5-49d9-923c-b1fd82e15a5c/Llame+a+la+Abogada+Angel.png]
[abogadaangel.com/atlanta.html]
[images.squarespace-cdn.com/content/v1/626c43dcb8fc365653a662d5/4dfd043a-e3d9-4f57-8133-bc37af1c7ffb/DJI_0880-(1).jpg]
[images.squarespace-cdn.com/content/v1/626c43dcb8fc365653a662d5/4c160f23-98e7-4b7a-be5f-f173e7b7f92d/Llame+a+la+Abogada+Angel+(1).png]
[images.squarespace-cdn.com/content/v1/626c43dcb8fc365653a662d5/bbfca1a8-e52f-4207-88dc-8a9f0f256df2/Llame+a+la+Abogada+Angel.png]
[abogadaangel.com/austin.html]
[images.squarespace-cdn.com/content/v1/626c43dcb8fc365653a662d5/8b772124-e26a-4245-a5c4-8cf1115f8e6e/chicago+(1).png]
[images.squarespace-cdn.com/content/v1/626c43dcb8fc365653a662d5/cc11cebb-18a9-48a7-9d65-7669066e722c/Llame+a+la+Abogada+Angel+(1).png]
[images.squarespace-cdn.com/content/v1/626c43dcb8fc365653a662d5/47be7635-68f7-4b10-8f29-f1c29059f35a/Llame+a+la+Abogada+Angel.png]
[abogadaangel.com/chicago.html]
[images.squarespace-cdn.com/content/v1/626c43dcb8fc365653a662d5/5e244732-3224-4b62-888a-fdac4cb0dcf3/Dallas+(1).png]
[images.squarespace-cdn.com/content/v1/626c43dcb8fc365653a662d5/820c9b9d-c822-474d-b389-1a26a9ad2f32/Llame+a+la+Abogada+Angel+(1).png]
[images.squarespace-cdn.com/content/v1/626c43dcb8fc365653a662d5/63ea4af7-be25-4322-9844-f4ca678e9df4/Llame+a+la+Abogada+Angel.png]
[abogadaangel.com/dallas.html]
[images.squarespace-cdn.com/content/v1/626c43dcb8fc365653a662d5/73b731d3-3cf1-4edc-adfa-81d11ecb19da/Image+(16).jpg]
[abogadaangel.com/denver.html]
[images.squarespace-cdn.com/content/v1/626c43dcb8fc365653a662d5/b00921a5-324d-4b1d-9407-2fff5c3bbaed/Houston.png]
[images.squarespace-cdn.com/content/v1/626c43dcb8fc365653a662d5/ea1a9877-d1dc-4011-8246-ad65658b5560/Llame+a+la+Abogada+Angel+(1).png]
[images.squarespace-cdn.com/content/v1/626c43dcb8fc365653a662d5/c56878e7-6fea-469e-a8c4-996ff9da996f/Llame+a+la+Abogada+Angel.png]
[abogadaangel.com/houston.html]
[images.squarespace-cdn.com/content/v1/626c43dcb8fc365653a662d5/efe5f5e2-3c5f-4b38-a61b-ccd19a82178d/IMG_0419.jpg]
[images.squarespace-cdn.com/content/v1/626c43dcb8fc365653a662d5/288d58c6-6f35-47eb-854b-46583dd0e43c/Llame+a+la+Abogada+Angel+(1).png]
[images.squarespace-cdn.com/content/v1/626c43dcb8fc365653a662d5/97be3728-301b-40ef-b667-3deee677d5b5/Llame+a+la+Abogada+Angel.png]
[abogadaangel.com/miami.html]
[images.squarespace-cdn.com/content/v1/626c43dcb8fc365653a662d5/1380f47f-71ac-4b6e-8644-f6d5b91e7afd/pasadena+(1).png]
[images.squarespace-cdn.com/content/v1/626c43dcb8fc365653a662d5/4312eb6a-418f-4e76-89f4-acaf705a3217/Llame+a+la+Abogada+Angel+(1).png]
[images.squarespace-cdn.com/content/v1/626c43dcb8fc365653a662d5/d26cec2e-f566-448d-8d17-e519dc0f7409/Llame+a+la+Abogada+Angel.png]
[abogadaangel.com/pasadena.html]
[images.squarespace-cdn.com/content/v1/626c43dcb8fc365653a662d5/55bc438c-25f2-4156-b76d-c66357248b7a/zyro-image.jpg]
[abogadaangel.com/riverside.html]
[images.squarespace-cdn.com/content/v1/626c43dcb8fc365653a662d5/3a61e135-bb4a-4244-838e-3efb33426797/Tampa+(1).png]
[images.squarespace-cdn.com/content/v1/626c43dcb8fc365653a662d5/0e7923cd-a6d3-4885-8422-d63b220b04a1/Llame+a+la+Abogada+Angel+(1).png]
[images.squarespace-cdn.com/content/v1/626c43dcb8fc365653a662d5/b0507d4e-c0b2-4c9e-8467-55fc74118c68/Llame+a+la+Abogada+Angel.png]
[abogadaangel.com/tampa.html]
[images.squarespace-cdn.com/content/v1/626c43dcb8fc365653a662d5/155a0d1a-6564-4e00-8e73-5ee4edb9f5ab/Nos+Mudamos+(3).png]
[abogadaangel.com/(909) 930-2490.cd.delayed]
[abogadaangel.com/ontario.html]
[abogadaangel.com/(909) 930-2490.html]
